
> redsys-app@0.1.0 build
> next build

Ôû▓ Next.js 16.2.2 (Turbopack)
- Environments: .env

  Creating an optimized production build ...
Ô£ô Compiled successfully in 2.7s
  Running TypeScript ...
npm : Failed to type check.
Au caractère Ligne:1 : 52
+ ... sers\USER\Desktop\redsys\redsys-platform'; npm run build 2>&1 | Tee-O ...
+                                                ~~~~~~~~~~~~~~~~~~
    + CategoryInfo          : NotSpecified: (Failed to type check.:String) [], 
    RemoteException
    + FullyQualifiedErrorId : NativeCommandError
 

./app/api/catalog/route.ts:129:9
Type error: Type 'unknown[]' is not assignable to type 'Domain[]'.
  Type 'unknown' is not assignable to type 'Domain'.

  [90m127 |[0m   })
  [90m128 |[0m
[31m[1m>[0m [90m129 |[0m   [36mconst[0m domains: [33mDomain[0m[] = 
[33mArray[0m.[36mfrom[0m(
  [90m    |[0m         [31m[1m^[0m
  [90m130 |[0m     [36mnew[0m [33mMap[0m(filteredRows.map((row: 
[36mtypeof[0m filteredRows[[35m0[0m]) => [row.domain.id, row.domain]...
  [90m131 |[0m   ).sort((a, b) => a.displayOrder - b.displayOrder)
  [90m132 |[0m
Next.js build worker exited with code: 1 and signal: null
